=== SEEDER STARTING AT 2026-06-16T21:04:37.528653 ===
SEEDER ERROR: executeMany; bad SQL grammar [SELECT "users"."ID", "users"."username", "users"."email", "users"."password", "users"."created_at", "users"."updated_at", "users"."storage_quota", "users"."full_name", "users"."avatar_url", "users"."phone_number", "users"."is_active", "users"."deleted_at", "users"."ai_daily_limit", "users"."migration_daily_limit", "users"."migration_max_file_size", "users"."daily_ai_requests", "users"."last_ai_request_date", "users"."subscription_tier", "users"."subscription_expires_at" FROM "users" WHERE "users"."email" = $1]
org.springframework.r2dbc.BadSqlGrammarException: executeMany; bad SQL grammar [SELECT "users"."ID", "users"."username", "users"."email", "users"."password", "users"."created_at", "users"."updated_at", "users"."storage_quota", "users"."full_name", "users"."avatar_url", "users"."phone_number", "users"."is_active", "users"."deleted_at", "users"."ai_daily_limit", "users"."migration_daily_limit", "users"."migration_max_file_size", "users"."daily_ai_requests", "users"."last_ai_request_date", "users"."subscription_tier", "users"."subscription_expires_at" FROM "users" WHERE "users"."email" = $1]
	at org.springframework.r2dbc.connection.ConnectionFactoryUtils.convertR2dbcException(ConnectionFactoryUtils.java:255)
	at org.springframework.r2dbc.core.DefaultDatabaseClient.lambda$inConnectionMany$3(DefaultDatabaseClient.java:156)
	at reactor.core.publisher.Flux.lambda$onErrorMap$1(Flux.java:7350)
	at reactor.core.publisher.Flux.lambda$onErrorResume$0(Flux.java:7403)
	at reactor.core.publisher.FluxOnErrorResume$ResumeSubscriber.onError(FluxOnErrorResume.java:95)
	at reactor.core.publisher.FluxUsingWhen$UsingWhenSubscriber.deferredError(FluxUsingWhen.java:406)
	at reactor.core.publisher.FluxUsingWhen$RollbackInner.onComplete(FluxUsingWhen.java:483)
	at reactor.core.publisher.Operators$MultiSubscriptionSubscriber.onComplete(Operators.java:2225)
	at reactor.core.publisher.FluxPeek$PeekSubscriber.onComplete(FluxPeek.java:263)
	at reactor.core.publisher.Operators$MultiSubscriptionSubscriber.onComplete(Operators.java:2225)
	at reactor.core.publisher.MonoIgnoreThen$ThenIgnoreMain.onComplete(MonoIgnoreThen.java:213)
	at reactor.core.publisher.MonoIgnoreThen$ThenIgnoreMain.onComplete(MonoIgnoreThen.java:213)
	at reactor.pool.SimpleDequePool.maybeRecycleAndDrain(SimpleDequePool.java:548)
	at reactor.pool.SimpleDequePool$QueuePoolRecyclerInner.onComplete(SimpleDequePool.java:793)
	at reactor.core.publisher.Operators.complete(Operators.java:137)
	at reactor.core.publisher.MonoEmpty.subscribe(MonoEmpty.java:46)
	at reactor.core.publisher.Mono.subscribe(Mono.java:4569)
	at reactor.pool.SimpleDequePool$QueuePoolRecyclerMono.subscribe(SimpleDequePool.java:906)
	at reactor.core.publisher.MonoDefer.subscribe(MonoDefer.java:54)
	at reactor.core.publisher.MonoIgnoreThen$ThenIgnoreMain.subscribeNext(MonoIgnoreThen.java:244)
	at reactor.core.publisher.MonoIgnoreThen$ThenIgnoreMain.onComplete(MonoIgnoreThen.java:207)
	at reactor.core.publisher.FluxPeek$PeekSubscriber.onComplete(FluxPeek.java:263)
	at reactor.core.publisher.Operators.complete(Operators.java:137)
	at reactor.core.publisher.MonoEmpty.subscribe(MonoEmpty.java:46)
	at reactor.core.publisher.Mono.subscribe(Mono.java:4569)
	at reactor.core.publisher.MonoIgnoreThen$ThenIgnoreMain.subscribeNext(MonoIgnoreThen.java:268)
	at reactor.core.publisher.MonoIgnoreThen.subscribe(MonoIgnoreThen.java:51)
	at reactor.core.publisher.MonoDefer.subscribe(MonoDefer.java:54)
	at reactor.core.publisher.MonoIgnoreThen$ThenIgnoreMain.subscribeNext(MonoIgnoreThen.java:244)
	at reactor.core.publisher.MonoIgnoreThen$ThenIgnoreMain.onComplete(MonoIgnoreThen.java:207)
	at reactor.core.publisher.MonoIgnoreElements$IgnoreElementsSubscriber.onComplete(MonoIgnoreElements.java:89)
	at reactor.core.publisher.FluxHandle$HandleSubscriber.onComplete(FluxHandle.java:226)
	at reactor.core.publisher.FluxSwitchIfEmpty$SwitchIfEmptySubscriber.onComplete(FluxSwitchIfEmpty.java:86)
	at reactor.core.publisher.MonoCallable$MonoCallableSubscription.request(MonoCallable.java:156)
	at reactor.core.publisher.Operators$MultiSubscriptionSubscriber.set(Operators.java:2361)
	at reactor.core.publisher.Operators$MultiSubscriptionSubscriber.onSubscribe(Operators.java:2235)
	at reactor.core.publisher.MonoCallable.subscribe(MonoCallable.java:48)
	at reactor.core.publisher.Mono.subscribe(Mono.java:4569)
	at reactor.core.publisher.MonoIgnoreThen$ThenIgnoreMain.subscribeNext(MonoIgnoreThen.java:268)
	at reactor.core.publisher.MonoIgnoreThen.subscribe(MonoIgnoreThen.java:51)
	at reactor.core.publisher.InternalMonoOperator.subscribe(InternalMonoOperator.java:75)
	at reactor.core.publisher.MonoDefer.subscribe(MonoDefer.java:54)
	at reactor.core.publisher.Mono.subscribe(Mono.java:4569)
	at reactor.core.publisher.FluxOnErrorResume$ResumeSubscriber.onError(FluxOnErrorResume.java:104)
	at reactor.core.publisher.MonoIgnoreElements$IgnoreElementsSubscriber.onError(MonoIgnoreElements.java:84)
	at reactor.core.publisher.FluxMap$MapSubscriber.onError(FluxMap.java:134)
	at reactor.core.publisher.FluxFilter$FilterSubscriber.onError(FluxFilter.java:158)
	at reactor.core.publisher.FluxFilter$FilterConditionalSubscriber.onError(FluxFilter.java:292)
	at reactor.core.publisher.FluxMap$MapConditionalSubscriber.onError(FluxMap.java:265)
	at reactor.core.publisher.Operators.error(Operators.java:198)
	at reactor.core.publisher.MonoError.subscribe(MonoError.java:54)
	at reactor.core.publisher.MonoDeferContextual.subscribe(MonoDeferContextual.java:56)
	at reactor.core.publisher.InternalMonoOperator.subscribe(InternalMonoOperator.java:75)
	at reactor.core.publisher.MonoDefer.subscribe(MonoDefer.java:54)
	at reactor.core.publisher.Mono.subscribe(Mono.java:4569)
	at reactor.core.publisher.FluxUsingWhen$UsingWhenSubscriber.onError(FluxUsingWhen.java:371)
	at reactor.core.publisher.FluxFlatMap$FlatMapMain.checkTerminated(FluxFlatMap.java:847)
	at reactor.core.publisher.FluxFlatMap$FlatMapMain.drainLoop(FluxFlatMap.java:613)
	at reactor.core.publisher.FluxFlatMap$FlatMapMain.drain(FluxFlatMap.java:593)
	at reactor.core.publisher.FluxFlatMap$FlatMapMain.onError(FluxFlatMap.java:456)
	at reactor.core.publisher.FluxOnAssembly$OnAssemblySubscriber.onError(FluxOnAssembly.java:545)
	at reactor.core.publisher.FluxMap$MapSubscriber.onError(FluxMap.java:134)
	at reactor.core.publisher.FluxFlatMap$FlatMapMain.checkTerminated(FluxFlatMap.java:847)
	at reactor.core.publisher.FluxFlatMap$FlatMapMain.drainLoop(FluxFlatMap.java:613)
	at reactor.core.publisher.FluxFlatMap$FlatMapMain.drain(FluxFlatMap.java:593)
	at reactor.core.publisher.FluxFlatMap$FlatMapMain.innerError(FluxFlatMap.java:868)
	at reactor.core.publisher.FluxFlatMap$FlatMapInner.onError(FluxFlatMap.java:997)
	at reactor.core.publisher.FluxFlatMap$FlatMapMain.checkTerminated(FluxFlatMap.java:847)
	at reactor.core.publisher.FluxFlatMap$FlatMapMain.drainLoop(FluxFlatMap.java:613)
	at reactor.core.publisher.FluxFlatMap$FlatMapMain.drain(FluxFlatMap.java:593)
	at reactor.core.publisher.FluxFlatMap$FlatMapMain.onError(FluxFlatMap.java:456)
	at reactor.core.publisher.Operators.error(Operators.java:198)
	at reactor.core.publisher.FluxIterable.subscribe(FluxIterable.java:189)
	at reactor.core.publisher.FluxIterable.subscribe(FluxIterable.java:82)
	at reactor.core.publisher.Flux.subscribe(Flux.java:8888)
	at reactor.core.publisher.FluxFlatMap$FlatMapMain.onNext(FluxFlatMap.java:431)
	at reactor.core.publisher.FluxFilterFuseable$FilterFuseableSubscriber.onNext(FluxFilterFuseable.java:119)
	at reactor.core.publisher.FluxMapFuseable$MapFuseableConditionalSubscriber.onNext(FluxMapFuseable.java:300)
	at reactor.core.publisher.Operators$ScalarSubscription.request(Operators.java:2564)
	at reactor.core.publisher.FluxMapFuseable$MapFuseableConditionalSubscriber.request(FluxMapFuseable.java:361)
	at reactor.core.publisher.FluxFilterFuseable$FilterFuseableSubscriber.request(FluxFilterFuseable.java:191)
	at reactor.core.publisher.FluxFlatMap$FlatMapMain.onSubscribe(FluxFlatMap.java:374)
	at reactor.core.publisher.FluxFilterFuseable$FilterFuseableSubscriber.onSubscribe(FluxFilterFuseable.java:87)
	at reactor.core.publisher.FluxMapFuseable$MapFuseableConditionalSubscriber.onSubscribe(FluxMapFuseable.java:265)
	at reactor.core.publisher.FluxJust.subscribe(FluxJust.java:69)
	at reactor.core.publisher.Flux.subscribe(Flux.java:8888)
	at reactor.core.publisher.FluxUsingWhen$ResourceSubscriber.onNext(FluxUsingWhen.java:201)
	at reactor.core.publisher.FluxMap$MapSubscriber.onNext(FluxMap.java:122)
	at reactor.core.publisher.FluxOnErrorResume$ResumeSubscriber.onNext(FluxOnErrorResume.java:80)
	at reactor.core.publisher.FluxOnErrorResume$ResumeSubscriber.onNext(FluxOnErrorResume.java:80)
	at reactor.core.publisher.FluxRetry$RetrySubscriber.onNext(FluxRetry.java:89)
	at reactor.core.publisher.MonoFlatMap$FlatMapMain.secondComplete(MonoFlatMap.java:245)
	at reactor.core.publisher.MonoFlatMap$FlatMapInner.onNext(MonoFlatMap.java:306)
	at io.r2dbc.pool.MonoDiscardOnCancel$MonoDiscardOnCancelSubscriber.onNext(MonoDiscardOnCancel.java:92)
	at reactor.core.publisher.FluxOnErrorResume$ResumeSubscriber.onNext(FluxOnErrorResume.java:80)
	at reactor.core.publisher.MonoIgnoreThen$ThenIgnoreMain.complete(MonoIgnoreThen.java:297)
	at reactor.core.publisher.MonoIgnoreThen$ThenIgnoreMain.onNext(MonoIgnoreThen.java:191)
	at reactor.core.publisher.MonoIgnoreThen$ThenIgnoreMain.subscribeNext(MonoIgnoreThen.java:240)
	at reactor.core.publisher.MonoIgnoreThen$ThenIgnoreMain.onComplete(MonoIgnoreThen.java:207)
	at reactor.core.publisher.MonoIgnoreElements$IgnoreElementsSubscriber.onComplete(MonoIgnoreElements.java:89)
	at reactor.core.publisher.FluxHandle$HandleSubscriber.onComplete(FluxHandle.java:226)
	at reactor.core.publisher.FluxSwitchIfEmpty$SwitchIfEmptySubscriber.onComplete(FluxSwitchIfEmpty.java:86)
	at reactor.core.publisher.MonoCallable$MonoCallableSubscription.request(MonoCallable.java:156)
	at reactor.core.publisher.Operators$MultiSubscriptionSubscriber.set(Operators.java:2361)
	at reactor.core.publisher.Operators$MultiSubscriptionSubscriber.onSubscribe(Operators.java:2235)
	at reactor.core.publisher.MonoCallable.subscribe(MonoCallable.java:48)
	at reactor.core.publisher.Mono.subscribe(Mono.java:4569)
	at reactor.core.publisher.MonoIgnoreThen$ThenIgnoreMain.subscribeNext(MonoIgnoreThen.java:268)
	at reactor.core.publisher.MonoIgnoreThen.subscribe(MonoIgnoreThen.java:51)
	at reactor.core.publisher.InternalMonoOperator.subscribe(InternalMonoOperator.java:75)
	at io.r2dbc.pool.MonoDiscardOnCancel.subscribe(MonoDiscardOnCancel.java:50)
	at reactor.core.publisher.MonoFlatMap$FlatMapMain.onNext(MonoFlatMap.java:165)
	at reactor.pool.AbstractPool$Borrower.deliver(AbstractPool.java:496)
	at reactor.pool.SimpleDequePool.lambda$drainLoop$8(SimpleDequePool.java:382)
	at reactor.core.scheduler.ImmediateScheduler.schedule(ImmediateScheduler.java:53)
	at reactor.pool.SimpleDequePool.drainLoop(SimpleDequePool.java:382)
	at reactor.pool.SimpleDequePool.pendingOffer(SimpleDequePool.java:629)
	at reactor.pool.SimpleDequePool.doAcquire(SimpleDequePool.java:307)
	at reactor.pool.AbstractPool$Borrower.request(AbstractPool.java:440)
	at reactor.core.publisher.MonoFlatMap$FlatMapMain.request(MonoFlatMap.java:194)
	at reactor.core.publisher.Operators$MultiSubscriptionSubscriber.set(Operators.java:2361)
	at reactor.core.publisher.Operators$MultiSubscriptionSubscriber.onSubscribe(Operators.java:2235)
	at reactor.core.publisher.MonoFlatMap$FlatMapMain.onSubscribe(MonoFlatMap.java:117)
	at reactor.pool.SimpleDequePool$QueueBorrowerMono.subscribe(SimpleDequePool.java:746)
	at reactor.core.publisher.InternalMonoOperator.subscribe(InternalMonoOperator.java:75)
	at reactor.core.publisher.MonoDefer.subscribe(MonoDefer.java:54)
	at reactor.core.publisher.FluxRetry$RetrySubscriber.resubscribe(FluxRetry.java:121)
	at reactor.core.publisher.MonoRetry.subscribeOrReturn(MonoRetry.java:51)
	at reactor.core.publisher.Mono.subscribe(Mono.java:4553)
	at reactor.core.publisher.FluxOnErrorResume$ResumeSubscriber.onError(FluxOnErrorResume.java:104)
	at reactor.core.publisher.MonoFlatMap$FlatMapMain.onError(MonoFlatMap.java:180)
	at reactor.core.publisher.FluxMap$MapSubscriber.onError(FluxMap.java:134)
	at reactor.core.publisher.Operators.error(Operators.java:198)
	at reactor.core.publisher.MonoError.subscribe(MonoError.java:54)
	at reactor.core.publisher.MonoDeferContextual.subscribe(MonoDeferContextual.java:56)
	at reactor.core.publisher.Mono.subscribe(Mono.java:4569)
	at reactor.core.publisher.FluxUsingWhen.subscribe(FluxUsingWhen.java:105)
	at reactor.core.publisher.Mono.subscribe(Mono.java:4569)
	at reactor.core.publisher.FluxFlatMap.trySubscribeScalarMap(FluxFlatMap.java:202)
	at reactor.core.publisher.MonoFlatMapMany.subscribeOrReturn(MonoFlatMapMany.java:49)
	at reactor.core.publisher.Flux.subscribe(Flux.java:8873)
	at reactor.core.publisher.FluxFlatMap.trySubscribeScalarMap(FluxFlatMap.java:202)
	at reactor.core.publisher.MonoFlatMapMany.subscribeOrReturn(MonoFlatMapMany.java:49)
	at reactor.core.publisher.Flux.subscribe(Flux.java:8873)
	at reactor.core.publisher.FluxUsingWhen.subscribe(FluxUsingWhen.java:94)
	at reactor.core.publisher.Mono.subscribe(Mono.java:4569)
	at reactor.core.publisher.MonoIgnoreThen$ThenIgnoreMain.subscribeNext(MonoIgnoreThen.java:268)
	at reactor.core.publisher.MonoIgnoreThen.subscribe(MonoIgnoreThen.java:51)
	at reactor.core.publisher.Mono.subscribe(Mono.java:4569)
	at reactor.core.publisher.MonoIgnorePublisher.subscribe(MonoIgnorePublisher.java:56)
	at reactor.core.publisher.Mono.subscribe(Mono.java:4569)
	at reactor.core.publisher.MonoIgnoreThen$ThenIgnoreMain.subscribeNext(MonoIgnoreThen.java:268)
	at reactor.core.publisher.MonoIgnoreThen$ThenIgnoreMain.onComplete(MonoIgnoreThen.java:207)
	at reactor.core.publisher.MonoIgnoreElements$IgnoreElementsSubscriber.onComplete(MonoIgnoreElements.java:89)
	at reactor.core.publisher.FluxFlatMap$FlatMapMain.checkTerminated(FluxFlatMap.java:851)
	at reactor.core.publisher.FluxFlatMap$FlatMapMain.drainLoop(FluxFlatMap.java:613)
	at reactor.core.publisher.FluxFlatMap$FlatMapMain.drain(FluxFlatMap.java:593)
	at reactor.core.publisher.FluxFlatMap$FlatMapMain.onComplete(FluxFlatMap.java:470)
	at reactor.core.publisher.FluxArray$ArraySubscription.slowPath(FluxArray.java:137)
	at reactor.core.publisher.FluxArray$ArraySubscription.request(FluxArray.java:99)
	at reactor.core.publisher.FluxFlatMap$FlatMapMain.onSubscribe(FluxFlatMap.java:374)
	at reactor.core.publisher.FluxArray.subscribe(FluxArray.java:53)
	at reactor.core.publisher.FluxArray.subscribe(FluxArray.java:59)
	at reactor.core.publisher.Mono.subscribe(Mono.java:4569)
	at reactor.core.publisher.MonoIgnoreThen$ThenIgnoreMain.subscribeNext(MonoIgnoreThen.java:268)
	at reactor.core.publisher.MonoIgnoreThen$ThenIgnoreMain.onComplete(MonoIgnoreThen.java:207)
	at reactor.core.publisher.MonoIgnoreElements$IgnoreElementsSubscriber.onComplete(MonoIgnoreElements.java:89)
	at reactor.core.publisher.FluxConcatMapNoPrefetch$FluxConcatMapNoPrefetchSubscriber.onComplete(FluxConcatMapNoPrefetch.java:240)
	at reactor.core.publisher.FluxFilterFuseable$FilterFuseableSubscriber.onComplete(FluxFilterFuseable.java:172)
	at reactor.core.publisher.FluxMapFuseable$MapFuseableConditionalSubscriber.onComplete(FluxMapFuseable.java:351)
	at reactor.core.publisher.FluxArray$ArrayConditionalSubscription.slowPath(FluxArray.java:303)
	at reactor.core.publisher.FluxArray$ArrayConditionalSubscription.request(FluxArray.java:263)
	at reactor.core.publisher.FluxMapFuseable$MapFuseableConditionalSubscriber.request(FluxMapFuseable.java:361)
	at reactor.core.publisher.FluxFilterFuseable$FilterFuseableSubscriber.request(FluxFilterFuseable.java:191)
	at reactor.core.publisher.FluxConcatMapNoPrefetch$FluxConcatMapNoPrefetchSubscriber.request(FluxConcatMapNoPrefetch.java:336)
	at reactor.core.publisher.MonoIgnoreElements$IgnoreElementsSubscriber.onSubscribe(MonoIgnoreElements.java:72)
	at reactor.core.publisher.FluxConcatMapNoPrefetch$FluxConcatMapNoPrefetchSubscriber.onSubscribe(FluxConcatMapNoPrefetch.java:163)
	at reactor.core.publisher.FluxFilterFuseable$FilterFuseableSubscriber.onSubscribe(FluxFilterFuseable.java:87)
	at reactor.core.publisher.FluxMapFuseable$MapFuseableConditionalSubscriber.onSubscribe(FluxMapFuseable.java:265)
	at reactor.core.publisher.FluxArray.subscribe(FluxArray.java:50)
	at reactor.core.publisher.FluxArray.subscribe(FluxArray.java:59)
	at reactor.core.publisher.Mono.subscribe(Mono.java:4569)
	at reactor.core.publisher.MonoIgnoreThen$ThenIgnoreMain.subscribeNext(MonoIgnoreThen.java:268)
	at reactor.core.publisher.MonoIgnoreThen.subscribe(MonoIgnoreThen.java:51)
	at reactor.core.publisher.Mono.subscribe(Mono.java:4569)
	at reactor.core.publisher.Mono.subscribeWith(Mono.java:4634)
	at reactor.core.publisher.Mono.subscribe(Mono.java:4535)
	at reactor.core.publisher.Mono.subscribe(Mono.java:4471)
	at io.github.faizul.infra.seeder.DatabaseSeeder.run(DatabaseSeeder.java:55)
	at org.springframework.boot.SpringApplication.lambda$callRunner$1(SpringApplication.java:792)
	at org.springframework.util.function.ThrowingConsumer$1.acceptWithException(ThrowingConsumer.java:82)
	at org.springframework.util.function.ThrowingConsumer.accept(ThrowingConsumer.java:60)
	at org.springframework.util.function.ThrowingConsumer$1.accept(ThrowingConsumer.java:86)
	at org.springframework.boot.SpringApplication.callRunner(SpringApplication.java:800)
	at org.springframework.boot.SpringApplication.callRunner(SpringApplication.java:791)
	at org.springframework.boot.SpringApplication.lambda$callRunners$0(SpringApplication.java:776)
	at java.base/java.util.stream.ForEachOps$ForEachOp$OfRef.accept(ForEachOps.java:186)
	at java.base/java.util.stream.SortedOps$SizedRefSortingSink.end(SortedOps.java:357)
	at java.base/java.util.stream.AbstractPipeline.copyInto(AbstractPipeline.java:571)
	at java.base/java.util.stream.AbstractPipeline.wrapAndCopyInto(AbstractPipeline.java:560)
	at java.base/java.util.stream.ForEachOps$ForEachOp.evaluateSequential(ForEachOps.java:153)
	at java.base/java.util.stream.ForEachOps$ForEachOp$OfRef.evaluateSequential(ForEachOps.java:176)
	at java.base/java.util.stream.AbstractPipeline.evaluate(AbstractPipeline.java:265)
	at java.base/java.util.stream.ReferencePipeline.forEach(ReferencePipeline.java:632)
	at org.springframework.boot.SpringApplication.callRunners(SpringApplication.java:776)
	at org.springframework.boot.SpringApplication.run(SpringApplication.java:328)
	at org.springframework.boot.test.context.SpringBootContextLoader.lambda$loadContext$2(SpringBootContextLoader.java:155)
	at org.springframework.util.function.ThrowingSupplier.get(ThrowingSupplier.java:58)
	at org.springframework.util.function.ThrowingSupplier.get(ThrowingSupplier.java:46)
	at org.springframework.boot.SpringApplication.withHook(SpringApplication.java:1465)
	at org.springframework.boot.test.context.SpringBootContextLoader$ContextLoaderHook.run(SpringBootContextLoader.java:600)
	at org.springframework.boot.test.context.SpringBootContextLoader.loadContext(SpringBootContextLoader.java:155)
	at org.springframework.boot.test.context.SpringBootContextLoader.loadContext(SpringBootContextLoader.java:114)
	at org.springframework.test.context.cache.DefaultCacheAwareContextLoaderDelegate.loadContextInternal(DefaultCacheAwareContextLoaderDelegate.java:247)
	at org.springframework.test.context.cache.DefaultCacheAwareContextLoaderDelegate.lambda$loadContext$0(DefaultCacheAwareContextLoaderDelegate.java:167)
	at org.springframework.test.context.cache.DefaultContextCache.put(DefaultContextCache.java:214)
	at org.springframework.test.context.cache.DefaultCacheAwareContextLoaderDelegate.loadContext(DefaultCacheAwareContextLoaderDelegate.java:160)
	at org.springframework.test.context.support.DefaultTestContext.getApplicationContext(DefaultTestContext.java:128)
	at org.springframework.test.context.support.DependencyInjectionTestExecutionListener.injectDependencies(DependencyInjectionTestExecutionListener.java:156)
	at org.springframework.test.context.support.DependencyInjectionTestExecutionListener.prepareTestInstance(DependencyInjectionTestExecutionListener.java:111)
	at org.springframework.test.context.TestContextManager.prepareTestInstance(TestContextManager.java:260)
	at org.springframework.test.context.junit.jupiter.SpringExtension.postProcessTestInstance(SpringExtension.java:242)
	at org.junit.jupiter.engine.descriptor.ClassBasedTestDescriptor.lambda$invokeTestInstancePostProcessors$1(ClassBasedTestDescriptor.java:423)
	at org.junit.jupiter.engine.descriptor.ClassBasedTestDescriptor.executeAndMaskThrowable(ClassBasedTestDescriptor.java:428)
	at org.junit.jupiter.engine.descriptor.ClassBasedTestDescriptor.lambda$invokeTestInstancePostProcessors$0(ClassBasedTestDescriptor.java:422)
	at java.base/java.util.stream.ForEachOps$ForEachOp$OfRef.accept(ForEachOps.java:186)
	at java.base/java.util.stream.ReferencePipeline$3$1.accept(ReferencePipeline.java:214)
	at java.base/java.util.stream.ReferencePipeline$2$1.accept(ReferencePipeline.java:197)
	at java.base/java.util.stream.ReferencePipeline$3$1.accept(ReferencePipeline.java:214)
	at java.base/java.util.ArrayList$ArrayListSpliterator.forEachRemaining(ArrayList.java:1716)
	at java.base/java.util.stream.AbstractPipeline.copyInto(AbstractPipeline.java:570)
	at java.base/java.util.stream.AbstractPipeline.wrapAndCopyInto(AbstractPipeline.java:560)
	at java.base/java.util.stream.ForEachOps$ForEachOp.evaluateSequential(ForEachOps.java:153)
	at java.base/java.util.stream.ForEachOps$ForEachOp$OfRef.evaluateSequential(ForEachOps.java:176)
	at java.base/java.util.stream.AbstractPipeline.evaluate(AbstractPipeline.java:265)
	at java.base/java.util.stream.ReferencePipeline.forEach(ReferencePipeline.java:632)
	at org.junit.jupiter.engine.descriptor.ClassBasedTestDescriptor.invokeTestInstancePostProcessors(ClassBasedTestDescriptor.java:422)
	at org.junit.jupiter.engine.descriptor.ClassBasedTestDescriptor.lambda$instantiateAndPostProcessTestInstance$0(ClassBasedTestDescriptor.java:334)
	at org.junit.platform.engine.support.hierarchical.ThrowableCollector.execute(ThrowableCollector.java:74)
	at org.junit.jupiter.engine.descriptor.ClassBasedTestDescriptor.instantiateAndPostProcessTestInstance(ClassBasedTestDescriptor.java:333)
	at org.junit.jupiter.engine.descriptor.ClassBasedTestDescriptor.lambda$testInstancesProvider$1(ClassBasedTestDescriptor.java:322)
	at java.base/java.util.Optional.orElseGet(Optional.java:364)
	at org.junit.jupiter.engine.descriptor.ClassBasedTestDescriptor.lambda$testInstancesProvider$0(ClassBasedTestDescriptor.java:321)
	at org.junit.jupiter.engine.execution.TestInstancesProvider.getTestInstances(TestInstancesProvider.java:27)
	at org.junit.jupiter.engine.descriptor.TestMethodTestDescriptor.lambda$prepare$0(TestMethodTestDescriptor.java:127)
	at org.junit.platform.engine.support.hierarchical.ThrowableCollector.execute(ThrowableCollector.java:74)
	at org.junit.jupiter.engine.descriptor.TestMethodTestDescriptor.prepare(TestMethodTestDescriptor.java:126)
	at org.junit.jupiter.engine.descriptor.TestMethodTestDescriptor.prepare(TestMethodTestDescriptor.java:70)
	at org.junit.platform.engine.support.hierarchical.NodeTestTask.lambda$prepare$0(NodeTestTask.java:144)
	at org.junit.platform.engine.support.hierarchical.ThrowableCollector.execute(ThrowableCollector.java:74)
	at org.junit.platform.engine.support.hierarchical.NodeTestTask.prepare(NodeTestTask.java:144)
	at org.junit.platform.engine.support.hierarchical.NodeTestTask.execute(NodeTestTask.java:110)
	at java.base/java.util.ArrayList.forEach(ArrayList.java:1604)
	at org.junit.platform.engine.support.hierarchical.SameThreadHierarchicalTestExecutorService.invokeAll(SameThreadHierarchicalTestExecutorService.java:42)
	at org.junit.platform.engine.support.hierarchical.NodeTestTask.lambda$executeRecursively$2(NodeTestTask.java:180)
	at org.junit.platform.engine.support.hierarchical.ThrowableCollector.execute(ThrowableCollector.java:74)
	at org.junit.platform.engine.support.hierarchical.NodeTestTask.lambda$executeRecursively$1(NodeTestTask.java:166)
	at org.junit.platform.engine.support.hierarchical.Node.around(Node.java:138)
	at org.junit.platform.engine.support.hierarchical.NodeTestTask.lambda$executeRecursively$0(NodeTestTask.java:164)
	at org.junit.platform.engine.support.hierarchical.ThrowableCollector.execute(ThrowableCollector.java:74)
	at org.junit.platform.engine.support.hierarchical.NodeTestTask.executeRecursively(NodeTestTask.java:163)
	at org.junit.platform.engine.support.hierarchical.NodeTestTask.execute(NodeTestTask.java:116)
	at java.base/java.util.ArrayList.forEach(ArrayList.java:1604)
	at org.junit.platform.engine.support.hierarchical.SameThreadHierarchicalTestExecutorService.invokeAll(SameThreadHierarchicalTestExecutorService.java:42)
	at org.junit.platform.engine.support.hierarchical.NodeTestTask.lambda$executeRecursively$2(NodeTestTask.java:180)
	at org.junit.platform.engine.support.hierarchical.ThrowableCollector.execute(ThrowableCollector.java:74)
	at org.junit.platform.engine.support.hierarchical.NodeTestTask.lambda$executeRecursively$1(NodeTestTask.java:166)
	at org.junit.platform.engine.support.hierarchical.Node.around(Node.java:138)
	at org.junit.platform.engine.support.hierarchical.NodeTestTask.lambda$executeRecursively$0(NodeTestTask.java:164)
	at org.junit.platform.engine.support.hierarchical.ThrowableCollector.execute(ThrowableCollector.java:74)
	at org.junit.platform.engine.support.hierarchical.NodeTestTask.executeRecursively(NodeTestTask.java:163)
	at org.junit.platform.engine.support.hierarchical.NodeTestTask.execute(NodeTestTask.java:116)
	at org.junit.platform.engine.support.hierarchical.SameThreadHierarchicalTestExecutorService.submit(SameThreadHierarchicalTestExecutorService.java:36)
	at org.junit.platform.engine.support.hierarchical.HierarchicalTestExecutor.execute(HierarchicalTestExecutor.java:52)
	at org.junit.platform.engine.support.hierarchical.HierarchicalTestEngine.execute(HierarchicalTestEngine.java:58)
	at org.junit.platform.launcher.core.EngineExecutionOrchestrator.executeEngine(EngineExecutionOrchestrator.java:246)
	at org.junit.platform.launcher.core.EngineExecutionOrchestrator.failOrExecuteEngine(EngineExecutionOrchestrator.java:218)
	at org.junit.platform.launcher.core.EngineExecutionOrchestrator.execute(EngineExecutionOrchestrator.java:179)
	at org.junit.platform.launcher.core.EngineExecutionOrchestrator.execute(EngineExecutionOrchestrator.java:108)
	at org.junit.platform.launcher.core.EngineExecutionOrchestrator.lambda$execute$0(EngineExecutionOrchestrator.java:66)
	at org.junit.platform.launcher.core.EngineExecutionOrchestrator.withInterceptedStreams(EngineExecutionOrchestrator.java:157)
	at org.junit.platform.launcher.core.EngineExecutionOrchestrator.execute(EngineExecutionOrchestrator.java:65)
	at org.junit.platform.launcher.core.DefaultLauncher.execute(DefaultLauncher.java:125)
	at org.junit.platform.launcher.core.DefaultLauncher.execute(DefaultLauncher.java:114)
	at org.junit.platform.launcher.core.DelegatingLauncher.execute(DelegatingLauncher.java:58)
	at org.junit.platform.launcher.core.InterceptingLauncher.lambda$execute$2(InterceptingLauncher.java:57)
	at org.junit.platform.launcher.core.ClasspathAlignmentCheckingLauncherInterceptor.intercept(ClasspathAlignmentCheckingLauncherInterceptor.java:25)
	at org.junit.platform.launcher.core.InterceptingLauncher.execute(InterceptingLauncher.java:56)
	at org.junit.platform.launcher.core.DelegatingLauncher.execute(DelegatingLauncher.java:58)
	at java.base/jdk.internal.reflect.DirectMethodHandleAccessor.invoke(DirectMethodHandleAccessor.java:104)
	at java.base/java.lang.reflect.Method.invoke(Method.java:565)
	at org.apache.maven.surefire.api.util.ReflectionUtils.invokeMethodWithArray(ReflectionUtils.java:125)
	at org.apache.maven.surefire.junitplatform.LauncherAdapter.executeWithCancellationToken(LauncherAdapter.java:68)
	at org.apache.maven.surefire.junitplatform.LauncherAdapter.execute(LauncherAdapter.java:54)
	at org.apache.maven.surefire.junitplatform.JUnitPlatformProvider.execute(JUnitPlatformProvider.java:203)
	at org.apache.maven.surefire.junitplatform.JUnitPlatformProvider.invokeAllTests(JUnitPlatformProvider.java:168)
	at org.apache.maven.surefire.junitplatform.JUnitPlatformProvider.invoke(JUnitPlatformProvider.java:136)
	at org.apache.maven.surefire.booter.ForkedBooter.runSuitesInProcess(ForkedBooter.java:385)
	at org.apache.maven.surefire.booter.ForkedBooter.execute(ForkedBooter.java:162)
	at org.apache.maven.surefire.booter.ForkedBooter.run(ForkedBooter.java:507)
	at org.apache.maven.surefire.booter.ForkedBooter.main(ForkedBooter.java:495)
Caused by: io.r2dbc.spi.R2dbcBadGrammarException: [42103] [42S03] Table "users" not found (candidates are: "USERS"); SQL statement:
SELECT "users"."ID", "users"."username", "users"."email", "users"."password", "users"."created_at", "users"."updated_at", "users"."storage_quota", "users"."full_name", "users"."avatar_url", "users"."phone_number", "users"."is_active", "users"."deleted_at", "users"."ai_daily_limit", "users"."migration_daily_limit", "users"."migration_max_file_size", "users"."daily_ai_requests", "users"."last_ai_request_date", "users"."subscription_tier", "users"."subscription_expires_at" FROM "users" WHERE "users"."email" = $1 [42103-240]
	at io.r2dbc.h2.H2DatabaseExceptionFactory.convert(H2DatabaseExceptionFactory.java:84)
	Suppressed: The stacktrace has been enhanced by Reactor, refer to additional information below: 
Error has been observed at the following site(s):
	*__checkpoint ⇢ SQL "SELECT "users"."ID", "users"."username", "users"."email", "users"."password", "users"."created_at", "users"."updated_at", "users"."storage_quota", "users"."full_name", "users"."avatar_url", "users"."phone_number", "users"."is_active", "users"."deleted_at", "users"."ai_daily_limit", "users"."migration_daily_limit", "users"."migration_max_file_size", "users"."daily_ai_requests", "users"."last_ai_request_date", "users"."subscription_tier", "users"."subscription_expires_at" FROM "users" WHERE "users"."email" = $1" [DatabaseClient]
Original Stack Trace:
		at io.r2dbc.h2.H2DatabaseExceptionFactory.convert(H2DatabaseExceptionFactory.java:84)
		at io.r2dbc.h2.client.SessionClient.createCommand(SessionClient.java:168)
		at io.r2dbc.h2.client.SessionClient.access$000(SessionClient.java:43)
		at io.r2dbc.h2.client.SessionClient$1.next(SessionClient.java:122)
		at io.r2dbc.h2.client.SessionClient$1.next(SessionClient.java:111)
		at java.base/java.util.Spliterators$IteratorSpliterator.tryAdvance(Spliterators.java:1950)
		at reactor.core.publisher.FluxIterable$IterableSubscription.hasNext(FluxIterable.java:271)
		at reactor.core.publisher.FluxIterable.subscribe(FluxIterable.java:186)
		at reactor.core.publisher.FluxIterable.subscribe(FluxIterable.java:82)
		at reactor.core.publisher.Flux.subscribe(Flux.java:8888)
		at reactor.core.publisher.FluxFlatMap$FlatMapMain.onNext(FluxFlatMap.java:431)
		at reactor.core.publisher.FluxFilterFuseable$FilterFuseableSubscriber.onNext(FluxFilterFuseable.java:119)
		at reactor.core.publisher.FluxMapFuseable$MapFuseableConditionalSubscriber.onNext(FluxMapFuseable.java:300)
		at reactor.core.publisher.Operators$ScalarSubscription.request(Operators.java:2564)
		at reactor.core.publisher.FluxMapFuseable$MapFuseableConditionalSubscriber.request(FluxMapFuseable.java:361)
		at reactor.core.publisher.FluxFilterFuseable$FilterFuseableSubscriber.request(FluxFilterFuseable.java:191)
		at reactor.core.publisher.FluxFlatMap$FlatMapMain.onSubscribe(FluxFlatMap.java:374)
		at reactor.core.publisher.FluxFilterFuseable$FilterFuseableSubscriber.onSubscribe(FluxFilterFuseable.java:87)
		at reactor.core.publisher.FluxMapFuseable$MapFuseableConditionalSubscriber.onSubscribe(FluxMapFuseable.java:265)
		at reactor.core.publisher.FluxJust.subscribe(FluxJust.java:69)
		at reactor.core.publisher.Flux.subscribe(Flux.java:8888)
		at reactor.core.publisher.FluxUsingWhen$ResourceSubscriber.onNext(FluxUsingWhen.java:201)
		at reactor.core.publisher.FluxMap$MapSubscriber.onNext(FluxMap.java:122)
		at reactor.core.publisher.FluxOnErrorResume$ResumeSubscriber.onNext(FluxOnErrorResume.java:80)
		at reactor.core.publisher.FluxOnErrorResume$ResumeSubscriber.onNext(FluxOnErrorResume.java:80)
		at reactor.core.publisher.FluxRetry$RetrySubscriber.onNext(FluxRetry.java:89)
		at reactor.core.publisher.MonoFlatMap$FlatMapMain.secondComplete(MonoFlatMap.java:245)
		at reactor.core.publisher.MonoFlatMap$FlatMapInner.onNext(MonoFlatMap.java:306)
		at io.r2dbc.pool.MonoDiscardOnCancel$MonoDiscardOnCancelSubscriber.onNext(MonoDiscardOnCancel.java:92)
		at reactor.core.publisher.FluxOnErrorResume$ResumeSubscriber.onNext(FluxOnErrorResume.java:80)
		at reactor.core.publisher.MonoIgnoreThen$ThenIgnoreMain.complete(MonoIgnoreThen.java:297)
		at reactor.core.publisher.MonoIgnoreThen$ThenIgnoreMain.onNext(MonoIgnoreThen.java:191)
		at reactor.core.publisher.MonoIgnoreThen$ThenIgnoreMain.subscribeNext(MonoIgnoreThen.java:240)
		at reactor.core.publisher.MonoIgnoreThen$ThenIgnoreMain.onComplete(MonoIgnoreThen.java:207)
		at reactor.core.publisher.MonoIgnoreElements$IgnoreElementsSubscriber.onComplete(MonoIgnoreElements.java:89)
		at reactor.core.publisher.FluxHandle$HandleSubscriber.onComplete(FluxHandle.java:226)
		at reactor.core.publisher.FluxSwitchIfEmpty$SwitchIfEmptySubscriber.onComplete(FluxSwitchIfEmpty.java:86)
		at reactor.core.publisher.MonoCallable$MonoCallableSubscription.request(MonoCallable.java:156)
		at reactor.core.publisher.Operators$MultiSubscriptionSubscriber.set(Operators.java:2361)
		at reactor.core.publisher.Operators$MultiSubscriptionSubscriber.onSubscribe(Operators.java:2235)
		at reactor.core.publisher.MonoCallable.subscribe(MonoCallable.java:48)
		at reactor.core.publisher.Mono.subscribe(Mono.java:4569)
		at reactor.core.publisher.MonoIgnoreThen$ThenIgnoreMain.subscribeNext(MonoIgnoreThen.java:268)
		at reactor.core.publisher.MonoIgnoreThen.subscribe(MonoIgnoreThen.java:51)
		at reactor.core.publisher.InternalMonoOperator.subscribe(InternalMonoOperator.java:75)
		at io.r2dbc.pool.MonoDiscardOnCancel.subscribe(MonoDiscardOnCancel.java:50)
		at reactor.core.publisher.MonoFlatMap$FlatMapMain.onNext(MonoFlatMap.java:165)
		at reactor.pool.AbstractPool$Borrower.deliver(AbstractPool.java:496)
		at reactor.pool.SimpleDequePool.lambda$drainLoop$8(SimpleDequePool.java:382)
		at reactor.core.scheduler.ImmediateScheduler.schedule(ImmediateScheduler.java:53)
		at reactor.pool.SimpleDequePool.drainLoop(SimpleDequePool.java:382)
		at reactor.pool.SimpleDequePool.pendingOffer(SimpleDequePool.java:629)
		at reactor.pool.SimpleDequePool.doAcquire(SimpleDequePool.java:307)
		at reactor.pool.AbstractPool$Borrower.request(AbstractPool.java:440)
		at reactor.core.publisher.MonoFlatMap$FlatMapMain.request(MonoFlatMap.java:194)
		at reactor.core.publisher.Operators$MultiSubscriptionSubscriber.set(Operators.java:2361)
		at reactor.core.publisher.Operators$MultiSubscriptionSubscriber.onSubscribe(Operators.java:2235)
		at reactor.core.publisher.MonoFlatMap$FlatMapMain.onSubscribe(MonoFlatMap.java:117)
		at reactor.pool.SimpleDequePool$QueueBorrowerMono.subscribe(SimpleDequePool.java:746)
		at reactor.core.publisher.InternalMonoOperator.subscribe(InternalMonoOperator.java:75)
		at reactor.core.publisher.MonoDefer.subscribe(MonoDefer.java:54)
		at reactor.core.publisher.FluxRetry$RetrySubscriber.resubscribe(FluxRetry.java:121)
		at reactor.core.publisher.MonoRetry.subscribeOrReturn(MonoRetry.java:51)
		at reactor.core.publisher.Mono.subscribe(Mono.java:4553)
		at reactor.core.publisher.FluxOnErrorResume$ResumeSubscriber.onError(FluxOnErrorResume.java:104)
		at reactor.core.publisher.MonoFlatMap$FlatMapMain.onError(MonoFlatMap.java:180)
		at reactor.core.publisher.FluxMap$MapSubscriber.onError(FluxMap.java:134)
		at reactor.core.publisher.Operators.error(Operators.java:198)
		at reactor.core.publisher.MonoError.subscribe(MonoError.java:54)
		at reactor.core.publisher.MonoDeferContextual.subscribe(MonoDeferContextual.java:56)
		at reactor.core.publisher.Mono.subscribe(Mono.java:4569)
		at reactor.core.publisher.FluxUsingWhen.subscribe(FluxUsingWhen.java:105)
		at reactor.core.publisher.Mono.subscribe(Mono.java:4569)
		at reactor.core.publisher.FluxFlatMap.trySubscribeScalarMap(FluxFlatMap.java:202)
		at reactor.core.publisher.MonoFlatMapMany.subscribeOrReturn(MonoFlatMapMany.java:49)
		at reactor.core.publisher.Flux.subscribe(Flux.java:8873)
		at reactor.core.publisher.FluxFlatMap.trySubscribeScalarMap(FluxFlatMap.java:202)
		at reactor.core.publisher.MonoFlatMapMany.subscribeOrReturn(MonoFlatMapMany.java:49)
		at reactor.core.publisher.Flux.subscribe(Flux.java:8873)
		at reactor.core.publisher.FluxUsingWhen.subscribe(FluxUsingWhen.java:94)
		at reactor.core.publisher.Mono.subscribe(Mono.java:4569)
		at reactor.core.publisher.MonoIgnoreThen$ThenIgnoreMain.subscribeNext(MonoIgnoreThen.java:268)
		at reactor.core.publisher.MonoIgnoreThen.subscribe(MonoIgnoreThen.java:51)
		at reactor.core.publisher.Mono.subscribe(Mono.java:4569)
		at reactor.core.publisher.MonoIgnorePublisher.subscribe(MonoIgnorePublisher.java:56)
		at reactor.core.publisher.Mono.subscribe(Mono.java:4569)
		at reactor.core.publisher.MonoIgnoreThen$ThenIgnoreMain.subscribeNext(MonoIgnoreThen.java:268)
		at reactor.core.publisher.MonoIgnoreThen$ThenIgnoreMain.onComplete(MonoIgnoreThen.java:207)
		at reactor.core.publisher.MonoIgnoreElements$IgnoreElementsSubscriber.onComplete(MonoIgnoreElements.java:89)
		at reactor.core.publisher.FluxFlatMap$FlatMapMain.checkTerminated(FluxFlatMap.java:851)
		at reactor.core.publisher.FluxFlatMap$FlatMapMain.drainLoop(FluxFlatMap.java:613)
		at reactor.core.publisher.FluxFlatMap$FlatMapMain.drain(FluxFlatMap.java:593)
		at reactor.core.publisher.FluxFlatMap$FlatMapMain.onComplete(FluxFlatMap.java:470)
		at reactor.core.publisher.FluxArray$ArraySubscription.slowPath(FluxArray.java:137)
		at reactor.core.publisher.FluxArray$ArraySubscription.request(FluxArray.java:99)
		at reactor.core.publisher.FluxFlatMap$FlatMapMain.onSubscribe(FluxFlatMap.java:374)
		at reactor.core.publisher.FluxArray.subscribe(FluxArray.java:53)
		at reactor.core.publisher.FluxArray.subscribe(FluxArray.java:59)
		at reactor.core.publisher.Mono.subscribe(Mono.java:4569)
		at reactor.core.publisher.MonoIgnoreThen$ThenIgnoreMain.subscribeNext(MonoIgnoreThen.java:268)
		at reactor.core.publisher.MonoIgnoreThen$ThenIgnoreMain.onComplete(MonoIgnoreThen.java:207)
		at reactor.core.publisher.MonoIgnoreElements$IgnoreElementsSubscriber.onComplete(MonoIgnoreElements.java:89)
		at reactor.core.publisher.FluxConcatMapNoPrefetch$FluxConcatMapNoPrefetchSubscriber.onComplete(FluxConcatMapNoPrefetch.java:240)
		at reactor.core.publisher.FluxFilterFuseable$FilterFuseableSubscriber.onComplete(FluxFilterFuseable.java:172)
		at reactor.core.publisher.FluxMapFuseable$MapFuseableConditionalSubscriber.onComplete(FluxMapFuseable.java:351)
		at reactor.core.publisher.FluxArray$ArrayConditionalSubscription.slowPath(FluxArray.java:303)
		at reactor.core.publisher.FluxArray$ArrayConditionalSubscription.request(FluxArray.java:263)
		at reactor.core.publisher.FluxMapFuseable$MapFuseableConditionalSubscriber.request(FluxMapFuseable.java:361)
		at reactor.core.publisher.FluxFilterFuseable$FilterFuseableSubscriber.request(FluxFilterFuseable.java:191)
		at reactor.core.publisher.FluxConcatMapNoPrefetch$FluxConcatMapNoPrefetchSubscriber.request(FluxConcatMapNoPrefetch.java:336)
		at reactor.core.publisher.MonoIgnoreElements$IgnoreElementsSubscriber.onSubscribe(MonoIgnoreElements.java:72)
		at reactor.core.publisher.FluxConcatMapNoPrefetch$FluxConcatMapNoPrefetchSubscriber.onSubscribe(FluxConcatMapNoPrefetch.java:163)
		at reactor.core.publisher.FluxFilterFuseable$FilterFuseableSubscriber.onSubscribe(FluxFilterFuseable.java:87)
		at reactor.core.publisher.FluxMapFuseable$MapFuseableConditionalSubscriber.onSubscribe(FluxMapFuseable.java:265)
		at reactor.core.publisher.FluxArray.subscribe(FluxArray.java:50)
		at reactor.core.publisher.FluxArray.subscribe(FluxArray.java:59)
		at reactor.core.publisher.Mono.subscribe(Mono.java:4569)
		at reactor.core.publisher.MonoIgnoreThen$ThenIgnoreMain.subscribeNext(MonoIgnoreThen.java:268)
		at reactor.core.publisher.MonoIgnoreThen.subscribe(MonoIgnoreThen.java:51)
		at reactor.core.publisher.Mono.subscribe(Mono.java:4569)
		at reactor.core.publisher.Mono.subscribeWith(Mono.java:4634)
		at reactor.core.publisher.Mono.subscribe(Mono.java:4535)
		at reactor.core.publisher.Mono.subscribe(Mono.java:4471)
		at io.github.faizul.infra.seeder.DatabaseSeeder.run(DatabaseSeeder.java:55)
		at org.springframework.boot.SpringApplication.lambda$callRunner$1(SpringApplication.java:792)
		at org.springframework.util.function.ThrowingConsumer$1.acceptWithException(ThrowingConsumer.java:82)
		at org.springframework.util.function.ThrowingConsumer.accept(ThrowingConsumer.java:60)
		at org.springframework.util.function.ThrowingConsumer$1.accept(ThrowingConsumer.java:86)
		at org.springframework.boot.SpringApplication.callRunner(SpringApplication.java:800)
		at org.springframework.boot.SpringApplication.callRunner(SpringApplication.java:791)
		at org.springframework.boot.SpringApplication.lambda$callRunners$0(SpringApplication.java:776)
		at java.base/java.util.stream.ForEachOps$ForEachOp$OfRef.accept(ForEachOps.java:186)
		at java.base/java.util.stream.SortedOps$SizedRefSortingSink.end(SortedOps.java:357)
		at java.base/java.util.stream.AbstractPipeline.copyInto(AbstractPipeline.java:571)
		at java.base/java.util.stream.AbstractPipeline.wrapAndCopyInto(AbstractPipeline.java:560)
		at java.base/java.util.stream.ForEachOps$ForEachOp.evaluateSequential(ForEachOps.java:153)
		at java.base/java.util.stream.ForEachOps$ForEachOp$OfRef.evaluateSequential(ForEachOps.java:176)
		at java.base/java.util.stream.AbstractPipeline.evaluate(AbstractPipeline.java:265)
		at java.base/java.util.stream.ReferencePipeline.forEach(ReferencePipeline.java:632)
		at org.springframework.boot.SpringApplication.callRunners(SpringApplication.java:776)
		at org.springframework.boot.SpringApplication.run(SpringApplication.java:328)
		at org.springframework.boot.test.context.SpringBootContextLoader.lambda$loadContext$2(SpringBootContextLoader.java:155)
		at org.springframework.util.function.ThrowingSupplier.get(ThrowingSupplier.java:58)
		at org.springframework.util.function.ThrowingSupplier.get(ThrowingSupplier.java:46)
		at org.springframework.boot.SpringApplication.withHook(SpringApplication.java:1465)
		at org.springframework.boot.test.context.SpringBootContextLoader$ContextLoaderHook.run(SpringBootContextLoader.java:600)
		at org.springframework.boot.test.context.SpringBootContextLoader.loadContext(SpringBootContextLoader.java:155)
		at org.springframework.boot.test.context.SpringBootContextLoader.loadContext(SpringBootContextLoader.java:114)
		at org.springframework.test.context.cache.DefaultCacheAwareContextLoaderDelegate.loadContextInternal(DefaultCacheAwareContextLoaderDelegate.java:247)
		at org.springframework.test.context.cache.DefaultCacheAwareContextLoaderDelegate.lambda$loadContext$0(DefaultCacheAwareContextLoaderDelegate.java:167)
		at org.springframework.test.context.cache.DefaultContextCache.put(DefaultContextCache.java:214)
		at org.springframework.test.context.cache.DefaultCacheAwareContextLoaderDelegate.loadContext(DefaultCacheAwareContextLoaderDelegate.java:160)
		at org.springframework.test.context.support.DefaultTestContext.getApplicationContext(DefaultTestContext.java:128)
		at org.springframework.test.context.support.DependencyInjectionTestExecutionListener.injectDependencies(DependencyInjectionTestExecutionListener.java:156)
		at org.springframework.test.context.support.DependencyInjectionTestExecutionListener.prepareTestInstance(DependencyInjectionTestExecutionListener.java:111)
		at org.springframework.test.context.TestContextManager.prepareTestInstance(TestContextManager.java:260)
		at org.springframework.test.context.junit.jupiter.SpringExtension.postProcessTestInstance(SpringExtension.java:242)
		at org.junit.jupiter.engine.descriptor.ClassBasedTestDescriptor.lambda$invokeTestInstancePostProcessors$1(ClassBasedTestDescriptor.java:423)
		at org.junit.jupiter.engine.descriptor.ClassBasedTestDescriptor.executeAndMaskThrowable(ClassBasedTestDescriptor.java:428)
		at org.junit.jupiter.engine.descriptor.ClassBasedTestDescriptor.lambda$invokeTestInstancePostProcessors$0(ClassBasedTestDescriptor.java:422)
		at java.base/java.util.stream.ForEachOps$ForEachOp$OfRef.accept(ForEachOps.java:186)
		at java.base/java.util.stream.ReferencePipeline$3$1.accept(ReferencePipeline.java:214)
		at java.base/java.util.stream.ReferencePipeline$2$1.accept(ReferencePipeline.java:197)
		at java.base/java.util.stream.ReferencePipeline$3$1.accept(ReferencePipeline.java:214)
		at java.base/java.util.ArrayList$ArrayListSpliterator.forEachRemaining(ArrayList.java:1716)
		at java.base/java.util.stream.AbstractPipeline.copyInto(AbstractPipeline.java:570)
		at java.base/java.util.stream.AbstractPipeline.wrapAndCopyInto(AbstractPipeline.java:560)
		at java.base/java.util.stream.ForEachOps$ForEachOp.evaluateSequential(ForEachOps.java:153)
		at java.base/java.util.stream.ForEachOps$ForEachOp$OfRef.evaluateSequential(ForEachOps.java:176)
		at java.base/java.util.stream.AbstractPipeline.evaluate(AbstractPipeline.java:265)
		at java.base/java.util.stream.ReferencePipeline.forEach(ReferencePipeline.java:632)
		at org.junit.jupiter.engine.descriptor.ClassBasedTestDescriptor.invokeTestInstancePostProcessors(ClassBasedTestDescriptor.java:422)
		at org.junit.jupiter.engine.descriptor.ClassBasedTestDescriptor.lambda$instantiateAndPostProcessTestInstance$0(ClassBasedTestDescriptor.java:334)
		at org.junit.platform.engine.support.hierarchical.ThrowableCollector.execute(ThrowableCollector.java:74)
		at org.junit.jupiter.engine.descriptor.ClassBasedTestDescriptor.instantiateAndPostProcessTestInstance(ClassBasedTestDescriptor.java:333)
		at org.junit.jupiter.engine.descriptor.ClassBasedTestDescriptor.lambda$testInstancesProvider$1(ClassBasedTestDescriptor.java:322)
		at java.base/java.util.Optional.orElseGet(Optional.java:364)
		at org.junit.jupiter.engine.descriptor.ClassBasedTestDescriptor.lambda$testInstancesProvider$0(ClassBasedTestDescriptor.java:321)
		at org.junit.jupiter.engine.execution.TestInstancesProvider.getTestInstances(TestInstancesProvider.java:27)
		at org.junit.jupiter.engine.descriptor.TestMethodTestDescriptor.lambda$prepare$0(TestMethodTestDescriptor.java:127)
		at org.junit.platform.engine.support.hierarchical.ThrowableCollector.execute(ThrowableCollector.java:74)
		at org.junit.jupiter.engine.descriptor.TestMethodTestDescriptor.prepare(TestMethodTestDescriptor.java:126)
		at org.junit.jupiter.engine.descriptor.TestMethodTestDescriptor.prepare(TestMethodTestDescriptor.java:70)
		at org.junit.platform.engine.support.hierarchical.NodeTestTask.lambda$prepare$0(NodeTestTask.java:144)
		at org.junit.platform.engine.support.hierarchical.ThrowableCollector.execute(ThrowableCollector.java:74)
		at org.junit.platform.engine.support.hierarchical.NodeTestTask.prepare(NodeTestTask.java:144)
		at org.junit.platform.engine.support.hierarchical.NodeTestTask.execute(NodeTestTask.java:110)
		at java.base/java.util.ArrayList.forEach(ArrayList.java:1604)
		at org.junit.platform.engine.support.hierarchical.SameThreadHierarchicalTestExecutorService.invokeAll(SameThreadHierarchicalTestExecutorService.java:42)
		at org.junit.platform.engine.support.hierarchical.NodeTestTask.lambda$executeRecursively$2(NodeTestTask.java:180)
		at org.junit.platform.engine.support.hierarchical.ThrowableCollector.execute(ThrowableCollector.java:74)
		at org.junit.platform.engine.support.hierarchical.NodeTestTask.lambda$executeRecursively$1(NodeTestTask.java:166)
		at org.junit.platform.engine.support.hierarchical.Node.around(Node.java:138)
		at org.junit.platform.engine.support.hierarchical.NodeTestTask.lambda$executeRecursively$0(NodeTestTask.java:164)
		at org.junit.platform.engine.support.hierarchical.ThrowableCollector.execute(ThrowableCollector.java:74)
		at org.junit.platform.engine.support.hierarchical.NodeTestTask.executeRecursively(NodeTestTask.java:163)
		at org.junit.platform.engine.support.hierarchical.NodeTestTask.execute(NodeTestTask.java:116)
		at java.base/java.util.ArrayList.forEach(ArrayList.java:1604)
		at org.junit.platform.engine.support.hierarchical.SameThreadHierarchicalTestExecutorService.invokeAll(SameThreadHierarchicalTestExecutorService.java:42)
		at org.junit.platform.engine.support.hierarchical.NodeTestTask.lambda$executeRecursively$2(NodeTestTask.java:180)
		at org.junit.platform.engine.support.hierarchical.ThrowableCollector.execute(ThrowableCollector.java:74)
		at org.junit.platform.engine.support.hierarchical.NodeTestTask.lambda$executeRecursively$1(NodeTestTask.java:166)
		at org.junit.platform.engine.support.hierarchical.Node.around(Node.java:138)
		at org.junit.platform.engine.support.hierarchical.NodeTestTask.lambda$executeRecursively$0(NodeTestTask.java:164)
		at org.junit.platform.engine.support.hierarchical.ThrowableCollector.execute(ThrowableCollector.java:74)
		at org.junit.platform.engine.support.hierarchical.NodeTestTask.executeRecursively(NodeTestTask.java:163)
		at org.junit.platform.engine.support.hierarchical.NodeTestTask.execute(NodeTestTask.java:116)
		at org.junit.platform.engine.support.hierarchical.SameThreadHierarchicalTestExecutorService.submit(SameThreadHierarchicalTestExecutorService.java:36)
		at org.junit.platform.engine.support.hierarchical.HierarchicalTestExecutor.execute(HierarchicalTestExecutor.java:52)
		at org.junit.platform.engine.support.hierarchical.HierarchicalTestEngine.execute(HierarchicalTestEngine.java:58)
		at org.junit.platform.launcher.core.EngineExecutionOrchestrator.executeEngine(EngineExecutionOrchestrator.java:246)
		at org.junit.platform.launcher.core.EngineExecutionOrchestrator.failOrExecuteEngine(EngineExecutionOrchestrator.java:218)
		at org.junit.platform.launcher.core.EngineExecutionOrchestrator.execute(EngineExecutionOrchestrator.java:179)
		at org.junit.platform.launcher.core.EngineExecutionOrchestrator.execute(EngineExecutionOrchestrator.java:108)
		at org.junit.platform.launcher.core.EngineExecutionOrchestrator.lambda$execute$0(EngineExecutionOrchestrator.java:66)
		at org.junit.platform.launcher.core.EngineExecutionOrchestrator.withInterceptedStreams(EngineExecutionOrchestrator.java:157)
		at org.junit.platform.launcher.core.EngineExecutionOrchestrator.execute(EngineExecutionOrchestrator.java:65)
		at org.junit.platform.launcher.core.DefaultLauncher.execute(DefaultLauncher.java:125)
		at org.junit.platform.launcher.core.DefaultLauncher.execute(DefaultLauncher.java:114)
		at org.junit.platform.launcher.core.DelegatingLauncher.execute(DelegatingLauncher.java:58)
		at org.junit.platform.launcher.core.InterceptingLauncher.lambda$execute$2(InterceptingLauncher.java:57)
		at org.junit.platform.launcher.core.ClasspathAlignmentCheckingLauncherInterceptor.intercept(ClasspathAlignmentCheckingLauncherInterceptor.java:25)
		at org.junit.platform.launcher.core.InterceptingLauncher.execute(InterceptingLauncher.java:56)
		at org.junit.platform.launcher.core.DelegatingLauncher.execute(DelegatingLauncher.java:58)
		at java.base/jdk.internal.reflect.DirectMethodHandleAccessor.invoke(DirectMethodHandleAccessor.java:104)
		at java.base/java.lang.reflect.Method.invoke(Method.java:565)
		at org.apache.maven.surefire.api.util.ReflectionUtils.invokeMethodWithArray(ReflectionUtils.java:125)
		at org.apache.maven.surefire.junitplatform.LauncherAdapter.executeWithCancellationToken(LauncherAdapter.java:68)
		at org.apache.maven.surefire.junitplatform.LauncherAdapter.execute(LauncherAdapter.java:54)
		at org.apache.maven.surefire.junitplatform.JUnitPlatformProvider.execute(JUnitPlatformProvider.java:203)
		at org.apache.maven.surefire.junitplatform.JUnitPlatformProvider.invokeAllTests(JUnitPlatformProvider.java:168)
		at org.apache.maven.surefire.junitplatform.JUnitPlatformProvider.invoke(JUnitPlatformProvider.java:136)
		at org.apache.maven.surefire.booter.ForkedBooter.runSuitesInProcess(ForkedBooter.java:385)
		at org.apache.maven.surefire.booter.ForkedBooter.execute(ForkedBooter.java:162)
		at org.apache.maven.surefire.booter.ForkedBooter.run(ForkedBooter.java:507)
		at org.apache.maven.surefire.booter.ForkedBooter.main(ForkedBooter.java:495)
Caused by: org.h2.jdbc.JdbcSQLSyntaxErrorException: Table "users" not found (candidates are: "USERS"); SQL statement:
SELECT "users"."ID", "users"."username", "users"."email", "users"."password", "users"."created_at", "users"."updated_at", "users"."storage_quota", "users"."full_name", "users"."avatar_url", "users"."phone_number", "users"."is_active", "users"."deleted_at", "users"."ai_daily_limit", "users"."migration_daily_limit", "users"."migration_max_file_size", "users"."daily_ai_requests", "users"."last_ai_request_date", "users"."subscription_tier", "users"."subscription_expires_at" FROM "users" WHERE "users"."email" = $1 [42103-240]
	at org.h2.message.DbException.getJdbcSQLException(DbException.java:514)
	at org.h2.message.DbException.getJdbcSQLException(DbException.java:489)
	at org.h2.message.DbException.get(DbException.java:223)
	at org.h2.command.Parser.getTableOrViewNotFoundDbException(Parser.java:8052)
	at org.h2.command.Parser.getTableOrViewNotFoundDbException(Parser.java:8020)
	at org.h2.command.Parser.readTableOrView(Parser.java:7999)
	at org.h2.command.Parser.readTablePrimary(Parser.java:1772)
	at org.h2.command.Parser.readTableReference(Parser.java:2252)
	at org.h2.command.Parser.parseSelectFromPart(Parser.java:2705)
	at org.h2.command.Parser.parseSelect(Parser.java:2813)
	at org.h2.command.Parser.parseQueryPrimary(Parser.java:2695)
	at org.h2.command.Parser.parseQueryTerm(Parser.java:2550)
	at org.h2.command.Parser.parseQueryExpressionBody(Parser.java:2529)
	at org.h2.command.Parser.parseQueryExpressionBodyAndEndOfQuery(Parser.java:2522)
	at org.h2.command.Parser.parseQueryExpression(Parser.java:2515)
	at org.h2.command.Parser.parseQuery(Parser.java:2482)
	at org.h2.command.Parser.parsePrepared(Parser.java:613)
	at org.h2.command.Parser.parse(Parser.java:584)
	at org.h2.command.Parser.parse(Parser.java:559)
	at org.h2.command.Parser.prepareCommand(Parser.java:487)
	at org.h2.engine.SessionLocal.prepareLocal(SessionLocal.java:647)
	at org.h2.engine.SessionLocal.prepareCommand(SessionLocal.java:563)
	at io.r2dbc.h2.client.SessionClient.createCommand(SessionClient.java:159)
	at io.r2dbc.h2.client.SessionClient.access$000(SessionClient.java:43)
	at io.r2dbc.h2.client.SessionClient$1.next(SessionClient.java:122)
	at io.r2dbc.h2.client.SessionClient$1.next(SessionClient.java:111)
	at java.base/java.util.Spliterators$IteratorSpliterator.tryAdvance(Spliterators.java:1950)
	at reactor.core.publisher.FluxIterable$IterableSubscription.hasNext(FluxIterable.java:271)
	at reactor.core.publisher.FluxIterable.subscribe(FluxIterable.java:186)
	at reactor.core.publisher.FluxIterable.subscribe(FluxIterable.java:82)
	at reactor.core.publisher.Flux.subscribe(Flux.java:8888)
	at reactor.core.publisher.FluxFlatMap$FlatMapMain.onNext(FluxFlatMap.java:431)
	at reactor.core.publisher.FluxFilterFuseable$FilterFuseableSubscriber.onNext(FluxFilterFuseable.java:119)
	at reactor.core.publisher.FluxMapFuseable$MapFuseableConditionalSubscriber.onNext(FluxMapFuseable.java:300)
	at reactor.core.publisher.Operators$ScalarSubscription.request(Operators.java:2564)
	at reactor.core.publisher.FluxMapFuseable$MapFuseableConditionalSubscriber.request(FluxMapFuseable.java:361)
	at reactor.core.publisher.FluxFilterFuseable$FilterFuseableSubscriber.request(FluxFilterFuseable.java:191)
	at reactor.core.publisher.FluxFlatMap$FlatMapMain.onSubscribe(FluxFlatMap.java:374)
	at reactor.core.publisher.FluxFilterFuseable$FilterFuseableSubscriber.onSubscribe(FluxFilterFuseable.java:87)
	at reactor.core.publisher.FluxMapFuseable$MapFuseableConditionalSubscriber.onSubscribe(FluxMapFuseable.java:265)
	at reactor.core.publisher.FluxJust.subscribe(FluxJust.java:69)
	at reactor.core.publisher.Flux.subscribe(Flux.java:8888)
	at reactor.core.publisher.FluxUsingWhen$ResourceSubscriber.onNext(FluxUsingWhen.java:201)
	at reactor.core.publisher.FluxMap$MapSubscriber.onNext(FluxMap.java:122)
	at reactor.core.publisher.FluxOnErrorResume$ResumeSubscriber.onNext(FluxOnErrorResume.java:80)
	at reactor.core.publisher.FluxOnErrorResume$ResumeSubscriber.onNext(FluxOnErrorResume.java:80)
	at reactor.core.publisher.FluxRetry$RetrySubscriber.onNext(FluxRetry.java:89)
	at reactor.core.publisher.MonoFlatMap$FlatMapMain.secondComplete(MonoFlatMap.java:245)
	at reactor.core.publisher.MonoFlatMap$FlatMapInner.onNext(MonoFlatMap.java:306)
	at io.r2dbc.pool.MonoDiscardOnCancel$MonoDiscardOnCancelSubscriber.onNext(MonoDiscardOnCancel.java:92)
	at reactor.core.publisher.FluxOnErrorResume$ResumeSubscriber.onNext(FluxOnErrorResume.java:80)
	at reactor.core.publisher.MonoIgnoreThen$ThenIgnoreMain.complete(MonoIgnoreThen.java:297)
	at reactor.core.publisher.MonoIgnoreThen$ThenIgnoreMain.onNext(MonoIgnoreThen.java:191)
	at reactor.core.publisher.MonoIgnoreThen$ThenIgnoreMain.subscribeNext(MonoIgnoreThen.java:240)
	at reactor.core.publisher.MonoIgnoreThen$ThenIgnoreMain.onComplete(MonoIgnoreThen.java:207)
	at reactor.core.publisher.MonoIgnoreElements$IgnoreElementsSubscriber.onComplete(MonoIgnoreElements.java:89)
	at reactor.core.publisher.FluxHandle$HandleSubscriber.onComplete(FluxHandle.java:226)
	at reactor.core.publisher.FluxSwitchIfEmpty$SwitchIfEmptySubscriber.onComplete(FluxSwitchIfEmpty.java:86)
	at reactor.core.publisher.MonoCallable$MonoCallableSubscription.request(MonoCallable.java:156)
	at reactor.core.publisher.Operators$MultiSubscriptionSubscriber.set(Operators.java:2361)
	at reactor.core.publisher.Operators$MultiSubscriptionSubscriber.onSubscribe(Operators.java:2235)
	at reactor.core.publisher.MonoCallable.subscribe(MonoCallable.java:48)
	at reactor.core.publisher.Mono.subscribe(Mono.java:4569)
	at reactor.core.publisher.MonoIgnoreThen$ThenIgnoreMain.subscribeNext(MonoIgnoreThen.java:268)
	at reactor.core.publisher.MonoIgnoreThen.subscribe(MonoIgnoreThen.java:51)
	at reactor.core.publisher.InternalMonoOperator.subscribe(InternalMonoOperator.java:75)
	at io.r2dbc.pool.MonoDiscardOnCancel.subscribe(MonoDiscardOnCancel.java:50)
	at reactor.core.publisher.MonoFlatMap$FlatMapMain.onNext(MonoFlatMap.java:165)
	at reactor.pool.AbstractPool$Borrower.deliver(AbstractPool.java:496)
	at reactor.pool.SimpleDequePool.lambda$drainLoop$8(SimpleDequePool.java:382)
	at reactor.core.scheduler.ImmediateScheduler.schedule(ImmediateScheduler.java:53)
	at reactor.pool.SimpleDequePool.drainLoop(SimpleDequePool.java:382)
	at reactor.pool.SimpleDequePool.pendingOffer(SimpleDequePool.java:629)
	at reactor.pool.SimpleDequePool.doAcquire(SimpleDequePool.java:307)
	at reactor.pool.AbstractPool$Borrower.request(AbstractPool.java:440)
	at reactor.core.publisher.MonoFlatMap$FlatMapMain.request(MonoFlatMap.java:194)
	at reactor.core.publisher.Operators$MultiSubscriptionSubscriber.set(Operators.java:2361)
	at reactor.core.publisher.Operators$MultiSubscriptionSubscriber.onSubscribe(Operators.java:2235)
	at reactor.core.publisher.MonoFlatMap$FlatMapMain.onSubscribe(MonoFlatMap.java:117)
	at reactor.pool.SimpleDequePool$QueueBorrowerMono.subscribe(SimpleDequePool.java:746)
	at reactor.core.publisher.InternalMonoOperator.subscribe(InternalMonoOperator.java:75)
	at reactor.core.publisher.MonoDefer.subscribe(MonoDefer.java:54)
	at reactor.core.publisher.FluxRetry$RetrySubscriber.resubscribe(FluxRetry.java:121)
	at reactor.core.publisher.MonoRetry.subscribeOrReturn(MonoRetry.java:51)
	at reactor.core.publisher.Mono.subscribe(Mono.java:4553)
	at reactor.core.publisher.FluxOnErrorResume$ResumeSubscriber.onError(FluxOnErrorResume.java:104)
	at reactor.core.publisher.MonoFlatMap$FlatMapMain.onError(MonoFlatMap.java:180)
	at reactor.core.publisher.FluxMap$MapSubscriber.onError(FluxMap.java:134)
	at reactor.core.publisher.Operators.error(Operators.java:198)
	at reactor.core.publisher.MonoError.subscribe(MonoError.java:54)
	at reactor.core.publisher.MonoDeferContextual.subscribe(MonoDeferContextual.java:56)
	at reactor.core.publisher.Mono.subscribe(Mono.java:4569)
	at reactor.core.publisher.FluxUsingWhen.subscribe(FluxUsingWhen.java:105)
	at reactor.core.publisher.Mono.subscribe(Mono.java:4569)
	at reactor.core.publisher.FluxFlatMap.trySubscribeScalarMap(FluxFlatMap.java:202)
	at reactor.core.publisher.MonoFlatMapMany.subscribeOrReturn(MonoFlatMapMany.java:49)
	at reactor.core.publisher.Flux.subscribe(Flux.java:8873)
	at reactor.core.publisher.FluxFlatMap.trySubscribeScalarMap(FluxFlatMap.java:202)
	at reactor.core.publisher.MonoFlatMapMany.subscribeOrReturn(MonoFlatMapMany.java:49)
	at reactor.core.publisher.Flux.subscribe(Flux.java:8873)
	at reactor.core.publisher.FluxUsingWhen.subscribe(FluxUsingWhen.java:94)
	at reactor.core.publisher.Mono.subscribe(Mono.java:4569)
	at reactor.core.publisher.MonoIgnoreThen$ThenIgnoreMain.subscribeNext(MonoIgnoreThen.java:268)
	at reactor.core.publisher.MonoIgnoreThen.subscribe(MonoIgnoreThen.java:51)
	at reactor.core.publisher.Mono.subscribe(Mono.java:4569)
	at reactor.core.publisher.MonoIgnorePublisher.subscribe(MonoIgnorePublisher.java:56)
	at reactor.core.publisher.Mono.subscribe(Mono.java:4569)
	at reactor.core.publisher.MonoIgnoreThen$ThenIgnoreMain.subscribeNext(MonoIgnoreThen.java:268)
	at reactor.core.publisher.MonoIgnoreThen$ThenIgnoreMain.onComplete(MonoIgnoreThen.java:207)
	at reactor.core.publisher.MonoIgnoreElements$IgnoreElementsSubscriber.onComplete(MonoIgnoreElements.java:89)
	at reactor.core.publisher.FluxFlatMap$FlatMapMain.checkTerminated(FluxFlatMap.java:851)
	at reactor.core.publisher.FluxFlatMap$FlatMapMain.drainLoop(FluxFlatMap.java:613)
	at reactor.core.publisher.FluxFlatMap$FlatMapMain.drain(FluxFlatMap.java:593)
	at reactor.core.publisher.FluxFlatMap$FlatMapMain.onComplete(FluxFlatMap.java:470)
	at reactor.core.publisher.FluxArray$ArraySubscription.slowPath(FluxArray.java:137)
	at reactor.core.publisher.FluxArray$ArraySubscription.request(FluxArray.java:99)
	at reactor.core.publisher.FluxFlatMap$FlatMapMain.onSubscribe(FluxFlatMap.java:374)
	at reactor.core.publisher.FluxArray.subscribe(FluxArray.java:53)
	at reactor.core.publisher.FluxArray.subscribe(FluxArray.java:59)
	at reactor.core.publisher.Mono.subscribe(Mono.java:4569)
	at reactor.core.publisher.MonoIgnoreThen$ThenIgnoreMain.subscribeNext(MonoIgnoreThen.java:268)
	at reactor.core.publisher.MonoIgnoreThen$ThenIgnoreMain.onComplete(MonoIgnoreThen.java:207)
	at reactor.core.publisher.MonoIgnoreElements$IgnoreElementsSubscriber.onComplete(MonoIgnoreElements.java:89)
	at reactor.core.publisher.FluxConcatMapNoPrefetch$FluxConcatMapNoPrefetchSubscriber.onComplete(FluxConcatMapNoPrefetch.java:240)
	at reactor.core.publisher.FluxFilterFuseable$FilterFuseableSubscriber.onComplete(FluxFilterFuseable.java:172)
	at reactor.core.publisher.FluxMapFuseable$MapFuseableConditionalSubscriber.onComplete(FluxMapFuseable.java:351)
	at reactor.core.publisher.FluxArray$ArrayConditionalSubscription.slowPath(FluxArray.java:303)
	at reactor.core.publisher.FluxArray$ArrayConditionalSubscription.request(FluxArray.java:263)
	at reactor.core.publisher.FluxMapFuseable$MapFuseableConditionalSubscriber.request(FluxMapFuseable.java:361)
	at reactor.core.publisher.FluxFilterFuseable$FilterFuseableSubscriber.request(FluxFilterFuseable.java:191)
	at reactor.core.publisher.FluxConcatMapNoPrefetch$FluxConcatMapNoPrefetchSubscriber.request(FluxConcatMapNoPrefetch.java:336)
	at reactor.core.publisher.MonoIgnoreElements$IgnoreElementsSubscriber.onSubscribe(MonoIgnoreElements.java:72)
	at reactor.core.publisher.FluxConcatMapNoPrefetch$FluxConcatMapNoPrefetchSubscriber.onSubscribe(FluxConcatMapNoPrefetch.java:163)
	at reactor.core.publisher.FluxFilterFuseable$FilterFuseableSubscriber.onSubscribe(FluxFilterFuseable.java:87)
	at reactor.core.publisher.FluxMapFuseable$MapFuseableConditionalSubscriber.onSubscribe(FluxMapFuseable.java:265)
	at reactor.core.publisher.FluxArray.subscribe(FluxArray.java:50)
	at reactor.core.publisher.FluxArray.subscribe(FluxArray.java:59)
	at reactor.core.publisher.Mono.subscribe(Mono.java:4569)
	at reactor.core.publisher.MonoIgnoreThen$ThenIgnoreMain.subscribeNext(MonoIgnoreThen.java:268)
	at reactor.core.publisher.MonoIgnoreThen.subscribe(MonoIgnoreThen.java:51)
	at reactor.core.publisher.Mono.subscribe(Mono.java:4569)
	at reactor.core.publisher.Mono.subscribeWith(Mono.java:4634)
	at reactor.core.publisher.Mono.subscribe(Mono.java:4535)
	at reactor.core.publisher.Mono.subscribe(Mono.java:4471)
	at io.github.faizul.infra.seeder.DatabaseSeeder.run(DatabaseSeeder.java:55)
	at org.springframework.boot.SpringApplication.lambda$callRunner$1(SpringApplication.java:792)
	at org.springframework.util.function.ThrowingConsumer$1.acceptWithException(ThrowingConsumer.java:82)
	at org.springframework.util.function.ThrowingConsumer.accept(ThrowingConsumer.java:60)
	at org.springframework.util.function.ThrowingConsumer$1.accept(ThrowingConsumer.java:86)
	at org.springframework.boot.SpringApplication.callRunner(SpringApplication.java:800)
	at org.springframework.boot.SpringApplication.callRunner(SpringApplication.java:791)
	at org.springframework.boot.SpringApplication.lambda$callRunners$0(SpringApplication.java:776)
	at java.base/java.util.stream.ForEachOps$ForEachOp$OfRef.accept(ForEachOps.java:186)
	at java.base/java.util.stream.SortedOps$SizedRefSortingSink.end(SortedOps.java:357)
	at java.base/java.util.stream.AbstractPipeline.copyInto(AbstractPipeline.java:571)
	at java.base/java.util.stream.AbstractPipeline.wrapAndCopyInto(AbstractPipeline.java:560)
	at java.base/java.util.stream.ForEachOps$ForEachOp.evaluateSequential(ForEachOps.java:153)
	at java.base/java.util.stream.ForEachOps$ForEachOp$OfRef.evaluateSequential(ForEachOps.java:176)
	at java.base/java.util.stream.AbstractPipeline.evaluate(AbstractPipeline.java:265)
	at java.base/java.util.stream.ReferencePipeline.forEach(ReferencePipeline.java:632)
	at org.springframework.boot.SpringApplication.callRunners(SpringApplication.java:776)
	at org.springframework.boot.SpringApplication.run(SpringApplication.java:328)
	at org.springframework.boot.test.context.SpringBootContextLoader.lambda$loadContext$2(SpringBootContextLoader.java:155)
	at org.springframework.util.function.ThrowingSupplier.get(ThrowingSupplier.java:58)
	at org.springframework.util.function.ThrowingSupplier.get(ThrowingSupplier.java:46)
	at org.springframework.boot.SpringApplication.withHook(SpringApplication.java:1465)
	at org.springframework.boot.test.context.SpringBootContextLoader$ContextLoaderHook.run(SpringBootContextLoader.java:600)
	at org.springframework.boot.test.context.SpringBootContextLoader.loadContext(SpringBootContextLoader.java:155)
	at org.springframework.boot.test.context.SpringBootContextLoader.loadContext(SpringBootContextLoader.java:114)
	at org.springframework.test.context.cache.DefaultCacheAwareContextLoaderDelegate.loadContextInternal(DefaultCacheAwareContextLoaderDelegate.java:247)
	at org.springframework.test.context.cache.DefaultCacheAwareContextLoaderDelegate.lambda$loadContext$0(DefaultCacheAwareContextLoaderDelegate.java:167)
	at org.springframework.test.context.cache.DefaultContextCache.put(DefaultContextCache.java:214)
	at org.springframework.test.context.cache.DefaultCacheAwareContextLoaderDelegate.loadContext(DefaultCacheAwareContextLoaderDelegate.java:160)
	at org.springframework.test.context.support.DefaultTestContext.getApplicationContext(DefaultTestContext.java:128)
	at org.springframework.test.context.support.DependencyInjectionTestExecutionListener.injectDependencies(DependencyInjectionTestExecutionListener.java:156)
	at org.springframework.test.context.support.DependencyInjectionTestExecutionListener.prepareTestInstance(DependencyInjectionTestExecutionListener.java:111)
	at org.springframework.test.context.TestContextManager.prepareTestInstance(TestContextManager.java:260)
	at org.springframework.test.context.junit.jupiter.SpringExtension.postProcessTestInstance(SpringExtension.java:242)
	at org.junit.jupiter.engine.descriptor.ClassBasedTestDescriptor.lambda$invokeTestInstancePostProcessors$1(ClassBasedTestDescriptor.java:423)
	at org.junit.jupiter.engine.descriptor.ClassBasedTestDescriptor.executeAndMaskThrowable(ClassBasedTestDescriptor.java:428)
	at org.junit.jupiter.engine.descriptor.ClassBasedTestDescriptor.lambda$invokeTestInstancePostProcessors$0(ClassBasedTestDescriptor.java:422)
	at java.base/java.util.stream.ForEachOps$ForEachOp$OfRef.accept(ForEachOps.java:186)
	at java.base/java.util.stream.ReferencePipeline$3$1.accept(ReferencePipeline.java:214)
	at java.base/java.util.stream.ReferencePipeline$2$1.accept(ReferencePipeline.java:197)
	at java.base/java.util.stream.ReferencePipeline$3$1.accept(ReferencePipeline.java:214)
	at java.base/java.util.ArrayList$ArrayListSpliterator.forEachRemaining(ArrayList.java:1716)
	at java.base/java.util.stream.AbstractPipeline.copyInto(AbstractPipeline.java:570)
	at java.base/java.util.stream.AbstractPipeline.wrapAndCopyInto(AbstractPipeline.java:560)
	at java.base/java.util.stream.ForEachOps$ForEachOp.evaluateSequential(ForEachOps.java:153)
	at java.base/java.util.stream.ForEachOps$ForEachOp$OfRef.evaluateSequential(ForEachOps.java:176)
	at java.base/java.util.stream.AbstractPipeline.evaluate(AbstractPipeline.java:265)
	at java.base/java.util.stream.ReferencePipeline.forEach(ReferencePipeline.java:632)
	at org.junit.jupiter.engine.descriptor.ClassBasedTestDescriptor.invokeTestInstancePostProcessors(ClassBasedTestDescriptor.java:422)
	at org.junit.jupiter.engine.descriptor.ClassBasedTestDescriptor.lambda$instantiateAndPostProcessTestInstance$0(ClassBasedTestDescriptor.java:334)
	at org.junit.platform.engine.support.hierarchical.ThrowableCollector.execute(ThrowableCollector.java:74)
	at org.junit.jupiter.engine.descriptor.ClassBasedTestDescriptor.instantiateAndPostProcessTestInstance(ClassBasedTestDescriptor.java:333)
	at org.junit.jupiter.engine.descriptor.ClassBasedTestDescriptor.lambda$testInstancesProvider$1(ClassBasedTestDescriptor.java:322)
	at java.base/java.util.Optional.orElseGet(Optional.java:364)
	at org.junit.jupiter.engine.descriptor.ClassBasedTestDescriptor.lambda$testInstancesProvider$0(ClassBasedTestDescriptor.java:321)
	at org.junit.jupiter.engine.execution.TestInstancesProvider.getTestInstances(TestInstancesProvider.java:27)
	at org.junit.jupiter.engine.descriptor.TestMethodTestDescriptor.lambda$prepare$0(TestMethodTestDescriptor.java:127)
	at org.junit.platform.engine.support.hierarchical.ThrowableCollector.execute(ThrowableCollector.java:74)
	at org.junit.jupiter.engine.descriptor.TestMethodTestDescriptor.prepare(TestMethodTestDescriptor.java:126)
	at org.junit.jupiter.engine.descriptor.TestMethodTestDescriptor.prepare(TestMethodTestDescriptor.java:70)
	at org.junit.platform.engine.support.hierarchical.NodeTestTask.lambda$prepare$0(NodeTestTask.java:144)
	at org.junit.platform.engine.support.hierarchical.ThrowableCollector.execute(ThrowableCollector.java:74)
	at org.junit.platform.engine.support.hierarchical.NodeTestTask.prepare(NodeTestTask.java:144)
	at org.junit.platform.engine.support.hierarchical.NodeTestTask.execute(NodeTestTask.java:110)
	at java.base/java.util.ArrayList.forEach(ArrayList.java:1604)
	at org.junit.platform.engine.support.hierarchical.SameThreadHierarchicalTestExecutorService.invokeAll(SameThreadHierarchicalTestExecutorService.java:42)
	at org.junit.platform.engine.support.hierarchical.NodeTestTask.lambda$executeRecursively$2(NodeTestTask.java:180)
	at org.junit.platform.engine.support.hierarchical.ThrowableCollector.execute(ThrowableCollector.java:74)
	at org.junit.platform.engine.support.hierarchical.NodeTestTask.lambda$executeRecursively$1(NodeTestTask.java:166)
	at org.junit.platform.engine.support.hierarchical.Node.around(Node.java:138)
	at org.junit.platform.engine.support.hierarchical.NodeTestTask.lambda$executeRecursively$0(NodeTestTask.java:164)
	at org.junit.platform.engine.support.hierarchical.ThrowableCollector.execute(ThrowableCollector.java:74)
	at org.junit.platform.engine.support.hierarchical.NodeTestTask.executeRecursively(NodeTestTask.java:163)
	at org.junit.platform.engine.support.hierarchical.NodeTestTask.execute(NodeTestTask.java:116)
	at java.base/java.util.ArrayList.forEach(ArrayList.java:1604)
	at org.junit.platform.engine.support.hierarchical.SameThreadHierarchicalTestExecutorService.invokeAll(SameThreadHierarchicalTestExecutorService.java:42)
	at org.junit.platform.engine.support.hierarchical.NodeTestTask.lambda$executeRecursively$2(NodeTestTask.java:180)
	at org.junit.platform.engine.support.hierarchical.ThrowableCollector.execute(ThrowableCollector.java:74)
	at org.junit.platform.engine.support.hierarchical.NodeTestTask.lambda$executeRecursively$1(NodeTestTask.java:166)
	at org.junit.platform.engine.support.hierarchical.Node.around(Node.java:138)
	at org.junit.platform.engine.support.hierarchical.NodeTestTask.lambda$executeRecursively$0(NodeTestTask.java:164)
	at org.junit.platform.engine.support.hierarchical.ThrowableCollector.execute(ThrowableCollector.java:74)
	at org.junit.platform.engine.support.hierarchical.NodeTestTask.executeRecursively(NodeTestTask.java:163)
	at org.junit.platform.engine.support.hierarchical.NodeTestTask.execute(NodeTestTask.java:116)
	at org.junit.platform.engine.support.hierarchical.SameThreadHierarchicalTestExecutorService.submit(SameThreadHierarchicalTestExecutorService.java:36)
	at org.junit.platform.engine.support.hierarchical.HierarchicalTestExecutor.execute(HierarchicalTestExecutor.java:52)
	at org.junit.platform.engine.support.hierarchical.HierarchicalTestEngine.execute(HierarchicalTestEngine.java:58)
	at org.junit.platform.launcher.core.EngineExecutionOrchestrator.executeEngine(EngineExecutionOrchestrator.java:246)
	at org.junit.platform.launcher.core.EngineExecutionOrchestrator.failOrExecuteEngine(EngineExecutionOrchestrator.java:218)
	at org.junit.platform.launcher.core.EngineExecutionOrchestrator.execute(EngineExecutionOrchestrator.java:179)
	at org.junit.platform.launcher.core.EngineExecutionOrchestrator.execute(EngineExecutionOrchestrator.java:108)
	at org.junit.platform.launcher.core.EngineExecutionOrchestrator.lambda$execute$0(EngineExecutionOrchestrator.java:66)
	at org.junit.platform.launcher.core.EngineExecutionOrchestrator.withInterceptedStreams(EngineExecutionOrchestrator.java:157)
	at org.junit.platform.launcher.core.EngineExecutionOrchestrator.execute(EngineExecutionOrchestrator.java:65)
	at org.junit.platform.launcher.core.DefaultLauncher.execute(DefaultLauncher.java:125)
	at org.junit.platform.launcher.core.DefaultLauncher.execute(DefaultLauncher.java:114)
	at org.junit.platform.launcher.core.DelegatingLauncher.execute(DelegatingLauncher.java:58)
	at org.junit.platform.launcher.core.InterceptingLauncher.lambda$execute$2(InterceptingLauncher.java:57)
	at org.junit.platform.launcher.core.ClasspathAlignmentCheckingLauncherInterceptor.intercept(ClasspathAlignmentCheckingLauncherInterceptor.java:25)
	at org.junit.platform.launcher.core.InterceptingLauncher.execute(InterceptingLauncher.java:56)
	at org.junit.platform.launcher.core.DelegatingLauncher.execute(DelegatingLauncher.java:58)
	at java.base/jdk.internal.reflect.DirectMethodHandleAccessor.invoke(DirectMethodHandleAccessor.java:104)
	at java.base/java.lang.reflect.Method.invoke(Method.java:565)
	at org.apache.maven.surefire.api.util.ReflectionUtils.invokeMethodWithArray(ReflectionUtils.java:125)
	at org.apache.maven.surefire.junitplatform.LauncherAdapter.executeWithCancellationToken(LauncherAdapter.java:68)
	at org.apache.maven.surefire.junitplatform.LauncherAdapter.execute(LauncherAdapter.java:54)
	at org.apache.maven.surefire.junitplatform.JUnitPlatformProvider.execute(JUnitPlatformProvider.java:203)
	at org.apache.maven.surefire.junitplatform.JUnitPlatformProvider.invokeAllTests(JUnitPlatformProvider.java:168)
	at org.apache.maven.surefire.junitplatform.JUnitPlatformProvider.invoke(JUnitPlatformProvider.java:136)
	at org.apache.maven.surefire.booter.ForkedBooter.runSuitesInProcess(ForkedBooter.java:385)
	at org.apache.maven.surefire.booter.ForkedBooter.execute(ForkedBooter.java:162)
	at org.apache.maven.surefire.booter.ForkedBooter.run(ForkedBooter.java:507)
	at org.apache.maven.surefire.booter.ForkedBooter.main(ForkedBooter.java:495)

